AutoDock Vina v1.2.5
#################################################################
# If you used AutoDock Vina in your work, please cite:          #
#                                                               #
# J. Eberhardt, D. Santos-Martins, A. F. Tillack, and S. Forli  #
# AutoDock Vina 1.2.0: New Docking Methods, Expanded Force      #
# Field, and Python Bindings, J. Chem. Inf. Model. (2021)       #
# DOI 10.1021/acs.jcim.1c00203                                  #
#                                                               #
# O. Trott, A. J. Olson,                                        #
# AutoDock Vina: improving the speed and accuracy of docking    #
# with a new scoring function, efficient optimization and       #
# multithreading, J. Comp. Chem. (2010)                         #
# DOI 10.1002/jcc.21334                                         #
#                                                               #
# Please see https://github.com/ccsb-scripps/AutoDock-Vina for  #
# more information.                                             #
#################################################################

Scoring function : vina
Rigid receptor: /Users/dhruv/Documents/Research/TBI-tracer/docking/TSPO/TSPO_receptor.pdbqt
Ligand: /Users/dhruv/Documents/Research/TBI-tracer/docking/error_pdbqt_fix/emap3_Bn-3,5diF_CH2CH2CF2CH3.pdbqt
Grid center: X 5.2 Y 12.8 Z 8.3
Grid size  : X 20 Y 20 Z 20
Grid space : 0.375
Exhaustiveness: 16
CPU: 8
Verbosity: 1

Computing Vina grid ... done.
Performing docking (random seed: -1012183168) ... 
0%   10   20   30   40   50   60   70   80   90   100%
|----|----|----|----|----|----|----|----|----|----|
***************************************************

mode |   affinity | dist from best mode
     | (kcal/mol) | rmsd l.b.| rmsd u.b.
-----+------------+----------+----------
   1       -6.458          0          0
   2       -6.425      3.564       5.23
   3       -6.375      2.066      2.748
   4       -6.307      1.663      2.163
   5       -6.226      3.024        6.1
   6       -6.175      3.011      6.041
   7       -6.158      6.864      10.62
   8       -6.058      4.585      7.069
   9       -6.011      5.353      9.209
