AutoDock Vina v1.2.5
#################################################################
# If you used AutoDock Vina in your work, please cite:          #
#                                                               #
# J. Eberhardt, D. Santos-Martins, A. F. Tillack, and S. Forli  #
# AutoDock Vina 1.2.0: New Docking Methods, Expanded Force      #
# Field, and Python Bindings, J. Chem. Inf. Model. (2021)       #
# DOI 10.1021/acs.jcim.1c00203                                  #
#                                                               #
# O. Trott, A. J. Olson,                                        #
# AutoDock Vina: improving the speed and accuracy of docking    #
# with a new scoring function, efficient optimization and       #
# multithreading, J. Comp. Chem. (2010)                         #
# DOI 10.1002/jcc.21334                                         #
#                                                               #
# Please see https://github.com/ccsb-scripps/AutoDock-Vina for  #
# more information.                                             #
#################################################################

Scoring function : vina
Rigid receptor: /Users/dhruv/Documents/Research/TBI-tracer/docking/TSPO/TSPO_receptor.pdbqt
Ligand: /Users/dhruv/Documents/Research/TBI-tracer/docking/error_pdbqt_fix/emap3_Bn-2,6diF_CH2CH2CHF2.pdbqt
Grid center: X 5.2 Y 12.8 Z 8.3
Grid size  : X 20 Y 20 Z 20
Grid space : 0.375
Exhaustiveness: 16
CPU: 8
Verbosity: 1

Computing Vina grid ... done.
Performing docking (random seed: 1883936278) ... 
0%   10   20   30   40   50   60   70   80   90   100%
|----|----|----|----|----|----|----|----|----|----|
***************************************************

mode |   affinity | dist from best mode
     | (kcal/mol) | rmsd l.b.| rmsd u.b.
-----+------------+----------+----------
   1        -6.59          0          0
   2       -6.515       1.96       2.52
   3       -6.477      1.911      2.622
   4       -6.185      2.577      5.982
   5       -6.177      3.133      5.861
   6       -6.168      5.084      8.804
   7       -6.155      2.733       4.33
   8       -6.058      2.709      3.596
   9       -5.975      2.752      4.484
